
========================================================================
[06_dedup] started 2026-09-14 15:51:52
========================================================================
2026-09-14 15:51:52 === dedup_fire_scratch.py start ===
2026-09-14 15:51:52 command: /content/upload/scripts/dedup_fire_scratch.py --pool /content/raw_yolo --out /content/clean_yolo --hamming 8 --train-scope group --max-bg-share 0.6 --prev-train-index /content/drive/MyDrive/mazr3a-fire-scratch/v1/fingerprints/train --prev-test-index /content/drive/MyDrive/mazr3a-fire-scratch/v1/fingerprints/test --run-name scratch-v1-dfire --report /content/clean_yolo_report --skip-broken --broken-out /content/broken
2026-09-14 15:51:52 pool=/content/raw_yolo out=/content/clean_yolo report=/content/clean_yolo_report
2026-09-14 15:51:53 pool images: {'test': 4306, 'train': 14122, 'val': 3099}
2026-09-14 15:51:53 stage fingerprint: 21527/21527 images still need hashing
2026-09-14 15:52:05     fingerprint 1000/21527 (5%) | 83 img/s | ETA 4.1 min | broken=0
2026-09-14 15:52:13     fingerprint 2000/21527 (9%) | 100 img/s | ETA 3.3 min | broken=0
2026-09-14 15:52:19     fingerprint 3000/21527 (14%) | 116 img/s | ETA 2.7 min | broken=0
2026-09-14 15:52:25     fingerprint 4000/21527 (19%) | 127 img/s | ETA 2.3 min | broken=0
2026-09-14 15:52:34     fingerprint 5000/21527 (23%) | 123 img/s | ETA 2.2 min | broken=0
2026-09-14 15:52:46     fingerprint 6000/21527 (28%) | 115 img/s | ETA 2.3 min | broken=0
2026-09-14 15:52:57     fingerprint 7000/21527 (33%) | 109 img/s | ETA 2.2 min | broken=0
2026-09-14 15:53:06     fingerprint 8000/21527 (37%) | 110 img/s | ETA 2.1 min | broken=0
2026-09-14 15:53:17     fingerprint 9000/21527 (42%) | 108 img/s | ETA 1.9 min | broken=0
2026-09-14 15:53:27     fingerprint 10000/21527 (46%) | 107 img/s | ETA 1.8 min | broken=0
2026-09-14 15:53:31     fingerprint 11000/21527 (51%) | 113 img/s | ETA 1.6 min | broken=0
2026-09-14 15:53:34     fingerprint 12000/21527 (56%) | 120 img/s | ETA 1.3 min | broken=0
2026-09-14 15:53:42     fingerprint 13000/21527 (60%) | 119 img/s | ETA 1.2 min | broken=0
2026-09-14 15:53:48     fingerprint 14000/21527 (65%) | 122 img/s | ETA 1.0 min | broken=0
2026-09-14 15:53:54     fingerprint 15000/21527 (70%) | 124 img/s | ETA 0.9 min | broken=0
2026-09-14 15:54:01     fingerprint 16000/21527 (74%) | 126 img/s | ETA 0.7 min | broken=0
2026-09-14 15:54:08     fingerprint 17000/21527 (79%) | 126 img/s | ETA 0.6 min | broken=0
2026-09-14 15:54:12     fingerprint 18000/21527 (84%) | 130 img/s | ETA 0.5 min | broken=0
2026-09-14 15:54:21     fingerprint 19000/21527 (88%) | 128 img/s | ETA 0.3 min | broken=0
2026-09-14 15:54:28     fingerprint 20000/21527 (93%) | 129 img/s | ETA 0.2 min | broken=0
2026-09-14 15:54:35     fingerprint 21000/21527 (98%) | 130 img/s | ETA 0.1 min | broken=0
2026-09-14 15:54:38     fingerprint 21527/21527 (done) | 131 img/s | ETA 0.0 min | broken=0
2026-09-14 15:54:38 stage fingerprint: complete (0 unreadable)
2026-09-14 15:54:38 stage mark: running all passes (not intra-stage resumable; an interrupt restarts this stage from scratch)
2026-09-14 15:54:39   test self-dedup: 4306 images (scope=group)
2026-09-14 15:54:39       test self 1000/4306 (23%) | 563902 img/s | ETA 0.0 min | removed 0
2026-09-14 15:54:39       test self 2000/4306 (46%) | 552173 img/s | ETA 0.0 min | removed 0
2026-09-14 15:54:39       test self 3000/4306 (70%) | 561837 img/s | ETA 0.0 min | removed 0
2026-09-14 15:54:39       test self 4000/4306 (93%) | 561825 img/s | ETA 0.0 min | removed 0
2026-09-14 15:54:39       test self 4306/4306 (done) | 498790 img/s | ETA 0.0 min | removed 0
2026-09-14 15:54:39 stage mark: pass test-self -> removed 0
2026-09-14 15:54:39   val self-dedup: 3099 images (scope=group)
2026-09-14 15:54:39       val self 1000/3099 (32%) | 429304 img/s | ETA 0.0 min | removed 0
2026-09-14 15:54:39       val self 2000/3099 (65%) | 488733 img/s | ETA 0.0 min | removed 0
2026-09-14 15:54:39       val self 3000/3099 (97%) | 502794 img/s | ETA 0.0 min | removed 0
2026-09-14 15:54:39       val self 3099/3099 (done) | 500198 img/s | ETA 0.0 min | removed 0
2026-09-14 15:54:39 stage mark: pass val-self -> removed 0
2026-09-14 15:54:39   train self-dedup: 14122 images (scope=group)
2026-09-14 15:54:39       train self 1000/14122 (7%) | 545069 img/s | ETA 0.0 min | removed 0
2026-09-14 15:54:39       train self 2000/14122 (14%) | 560324 img/s | ETA 0.0 min | removed 0
2026-09-14 15:54:39       train self 3000/14122 (21%) | 568796 img/s | ETA 0.0 min | removed 0
2026-09-14 15:54:39       train self 4000/14122 (28%) | 572875 img/s | ETA 0.0 min | removed 0
2026-09-14 15:54:39       train self 5000/14122 (35%) | 570173 img/s | ETA 0.0 min | removed 0
2026-09-14 15:54:39       train self 6000/14122 (42%) | 572588 img/s | ETA 0.0 min | removed 0
2026-09-14 15:54:39       train self 7000/14122 (50%) | 572266 img/s | ETA 0.0 min | removed 0
2026-09-14 15:54:39       train self 8000/14122 (57%) | 573914 img/s | ETA 0.0 min | removed 0
2026-09-14 15:54:39       train self 9000/14122 (64%) | 573523 img/s | ETA 0.0 min | removed 0
2026-09-14 15:54:39       train self 10000/14122 (71%) | 573674 img/s | ETA 0.0 min | removed 0
2026-09-14 15:54:39       train self 11000/14122 (78%) | 572601 img/s | ETA 0.0 min | removed 0
2026-09-14 15:54:39       train self 12000/14122 (85%) | 572569 img/s | ETA 0.0 min | removed 0
2026-09-14 15:54:40       train self 13000/14122 (92%) | 571779 img/s | ETA 0.0 min | removed 0
2026-09-14 15:54:40       train self 14000/14122 (99%) | 571921 img/s | ETA 0.0 min | removed 0
2026-09-14 15:54:40       train self 14122/14122 (done) | 566055 img/s | ETA 0.0 min | removed 0
2026-09-14 15:54:40 stage mark: pass train-self -> removed 0
2026-09-14 15:54:40   test-vs-prev-train: 4306 images vs 3214 reference hashes
2026-09-14 15:54:40       test-vs-prev-train 1000/4306 (23%) | 1946 img/s | ETA 0.0 min | removed 1
2026-09-14 15:54:41       test-vs-prev-train 2000/4306 (46%) | 1932 img/s | ETA 0.0 min | removed 5
2026-09-14 15:54:41       test-vs-prev-train 3000/4306 (70%) | 1931 img/s | ETA 0.0 min | removed 34
2026-09-14 15:54:41       test-vs-prev-train 4000/4306 (93%) | 2038 img/s | ETA 0.0 min | removed 267
2026-09-14 15:54:42       test-vs-prev-train 4306/4306 (done) | 2043 img/s | ETA 0.0 min | removed 298
2026-09-14 15:54:42 stage mark: pass test-vs-prev-train -> removed 298
2026-09-14 15:54:42   val-vs-prev-train: 3099 images vs 3214 reference hashes
2026-09-14 15:54:42       val-vs-prev-train 1000/3099 (32%) | 1988 img/s | ETA 0.0 min | removed 6
2026-09-14 15:54:43       val-vs-prev-train 2000/3099 (65%) | 1889 img/s | ETA 0.0 min | removed 10
2026-09-14 15:54:43       val-vs-prev-train 3000/3099 (97%) | 2036 img/s | ETA 0.0 min | removed 196
2026-09-14 15:54:43       val-vs-prev-train 3099/3099 (done) | 2038 img/s | ETA 0.0 min | removed 201
2026-09-14 15:54:43 stage mark: pass val-vs-prev-train -> removed 201
2026-09-14 15:54:43   train-vs-prev-train: 14122 images vs 3214 reference hashes
2026-09-14 15:54:44       train-vs-prev-train 1000/14122 (7%) | 1913 img/s | ETA 0.1 min | removed 8
2026-09-14 15:54:44       train-vs-prev-train 2000/14122 (14%) | 1956 img/s | ETA 0.1 min | removed 8
2026-09-14 15:54:45       train-vs-prev-train 3000/14122 (21%) | 1583 img/s | ETA 0.1 min | removed 9
2026-09-14 15:54:46       train-vs-prev-train 4000/14122 (28%) | 1354 img/s | ETA 0.1 min | removed 32
2026-09-14 15:54:47       train-vs-prev-train 5000/14122 (35%) | 1244 img/s | ETA 0.1 min | removed 33
2026-09-14 15:54:48       train-vs-prev-train 6000/14122 (42%) | 1171 img/s | ETA 0.1 min | removed 36
2026-09-14 15:54:49       train-vs-prev-train 7000/14122 (50%) | 1213 img/s | ETA 0.1 min | removed 37
2026-09-14 15:54:49       train-vs-prev-train 8000/14122 (57%) | 1274 img/s | ETA 0.1 min | removed 42
2026-09-14 15:54:50       train-vs-prev-train 9000/14122 (64%) | 1317 img/s | ETA 0.1 min | removed 47
2026-09-14 15:54:50       train-vs-prev-train 10000/14122 (71%) | 1383 img/s | ETA 0.0 min | removed 257
2026-09-14 15:54:51       train-vs-prev-train 11000/14122 (78%) | 1441 img/s | ETA 0.0 min | removed 534
2026-09-14 15:54:51       train-vs-prev-train 12000/14122 (85%) | 1485 img/s | ETA 0.0 min | removed 701
2026-09-14 15:54:52       train-vs-prev-train 13000/14122 (92%) | 1527 img/s | ETA 0.0 min | removed 852
2026-09-14 15:54:52       train-vs-prev-train 14000/14122 (99%) | 1552 img/s | ETA 0.0 min | removed 928
2026-09-14 15:54:52       train-vs-prev-train 14122/14122 (done) | 1557 img/s | ETA 0.0 min | removed 943
2026-09-14 15:54:52 stage mark: pass train-vs-prev-train -> removed 943
2026-09-14 15:54:52   test-vs-prev-test: 4008 images vs 19197 reference hashes
2026-09-14 15:54:55       test-vs-prev-test 1000/4008 (25%) | 361 img/s | ETA 0.1 min | removed 96
2026-09-14 15:54:58       test-vs-prev-test 2000/4008 (50%) | 371 img/s | ETA 0.1 min | removed 230
2026-09-14 15:55:02       test-vs-prev-test 3000/4008 (75%) | 307 img/s | ETA 0.1 min | removed 384
2026-09-14 15:55:04       test-vs-prev-test 4000/4008 (100%) | 330 img/s | ETA 0.0 min | removed 732
2026-09-14 15:55:04       test-vs-prev-test 4008/4008 (done) | 330 img/s | ETA 0.0 min | removed 732
2026-09-14 15:55:04 stage mark: pass test-vs-prev-test -> removed 732
2026-09-14 15:55:04   val-vs-prev-test: 2898 images vs 19197 reference hashes
2026-09-14 15:55:07       val-vs-prev-test 1000/2898 (35%) | 360 img/s | ETA 0.1 min | removed 89
2026-09-14 15:55:10       val-vs-prev-test 2000/2898 (69%) | 370 img/s | ETA 0.0 min | removed 219
2026-09-14 15:55:12       val-vs-prev-test 2898/2898 (done) | 399 img/s | ETA 0.0 min | removed 499
2026-09-14 15:55:12 stage mark: pass val-vs-prev-test -> removed 499
2026-09-14 15:55:12   train-vs-prev-test: 13179 images vs 19197 reference hashes
2026-09-14 15:55:16       train-vs-prev-test 1000/13179 (8%) | 223 img/s | ETA 0.9 min | removed 112
2026-09-14 15:55:19       train-vs-prev-test 2000/13179 (15%) | 260 img/s | ETA 0.7 min | removed 193
2026-09-14 15:55:22       train-vs-prev-test 3000/13179 (23%) | 284 img/s | ETA 0.6 min | removed 267
2026-09-14 15:55:25       train-vs-prev-test 4000/13179 (30%) | 295 img/s | ETA 0.5 min | removed 293
2026-09-14 15:55:29       train-vs-prev-test 5000/13179 (38%) | 289 img/s | ETA 0.5 min | removed 395
2026-09-14 15:55:33       train-vs-prev-test 6000/13179 (46%) | 287 img/s | ETA 0.4 min | removed 583
2026-09-14 15:55:35       train-vs-prev-test 7000/13179 (53%) | 299 img/s | ETA 0.3 min | removed 758
2026-09-14 15:55:38       train-vs-prev-test 8000/13179 (61%) | 307 img/s | ETA 0.3 min | removed 896
2026-09-14 15:55:40       train-vs-prev-test 9000/13179 (68%) | 315 img/s | ETA 0.2 min | removed 1045
2026-09-14 15:55:44       train-vs-prev-test 10000/13179 (76%) | 309 img/s | ETA 0.2 min | removed 1293
2026-09-14 15:55:47       train-vs-prev-test 11000/13179 (83%) | 312 img/s | ETA 0.1 min | removed 1563
2026-09-14 15:55:49       train-vs-prev-test 12000/13179 (91%) | 324 img/s | ETA 0.1 min | removed 1959
2026-09-14 15:55:51       train-vs-prev-test 13000/13179 (99%) | 332 img/s | ETA 0.0 min | removed 2238
2026-09-14 15:55:51       train-vs-prev-test 13179/13179 (done) | 333 img/s | ETA 0.0 min | removed 2292
2026-09-14 15:55:51 stage mark: pass train-vs-prev-test -> removed 2292
2026-09-14 15:55:51   train-vs-test: 10887 images vs 3276 reference hashes
2026-09-14 15:55:51       train-vs-test 1000/10887 (9%) | 24568 img/s | ETA 0.0 min | removed 938
2026-09-14 15:55:51       train-vs-test 2000/10887 (18%) | 24254 img/s | ETA 0.0 min | removed 1873
2026-09-14 15:55:51       train-vs-test 3000/10887 (28%) | 22192 img/s | ETA 0.0 min | removed 2793
2026-09-14 15:55:51       train-vs-test 4000/10887 (37%) | 19492 img/s | ETA 0.0 min | removed 3677
2026-09-14 15:55:51       train-vs-test 5000/10887 (46%) | 21068 img/s | ETA 0.0 min | removed 4633
2026-09-14 15:55:52       train-vs-test 6000/10887 (55%) | 10651 img/s | ETA 0.0 min | removed 5050
2026-09-14 15:55:52       train-vs-test 7000/10887 (64%) | 7729 img/s | ETA 0.0 min | removed 5397
2026-09-14 15:55:53       train-vs-test 8000/10887 (73%) | 5713 img/s | ETA 0.0 min | removed 5469
2026-09-14 15:55:53       train-vs-test 9000/10887 (83%) | 4734 img/s | ETA 0.0 min | removed 5496
2026-09-14 15:55:54       train-vs-test 10000/10887 (92%) | 4127 img/s | ETA 0.0 min | removed 5527
2026-09-14 15:55:54       train-vs-test 10887/10887 (done) | 3787 img/s | ETA 0.0 min | removed 5580
2026-09-14 15:55:54 stage mark: pass train-vs-test -> removed 5580
2026-09-14 15:55:54   train-vs-val: 5307 images vs 2399 reference hashes
2026-09-14 15:55:54       train-vs-val 1000/5307 (19%) | 3086 img/s | ETA 0.0 min | removed 178
2026-09-14 15:55:55       train-vs-val 2000/5307 (38%) | 2804 img/s | ETA 0.0 min | removed 247
2026-09-14 15:55:55       train-vs-val 3000/5307 (57%) | 2690 img/s | ETA 0.0 min | removed 260
2026-09-14 15:55:56       train-vs-val 4000/5307 (75%) | 2276 img/s | ETA 0.0 min | removed 288
2026-09-14 15:55:57       train-vs-val 5000/5307 (94%) | 1971 img/s | ETA 0.0 min | removed 317
2026-09-14 15:55:57       train-vs-val 5307/5307 (done) | 1900 img/s | ETA 0.0 min | removed 317
2026-09-14 15:55:57 stage mark: pass train-vs-val -> removed 317
2026-09-14 15:55:57 stage mark: pass balance-bg-cap -> removed 1580
2026-09-14 15:55:57 stage mark: complete (12 passes)
2026-09-14 15:55:57 stage copy: bg-extra 1580 images -> /content/clean_yolo_bg_extra
2026-09-14 15:55:57       bg-extra 1000/1580 (63%) | 2420 img/s | ETA 0.0 min | copied 1000, skipped 0
2026-09-14 15:55:58       bg-extra 1580/1580 (done) | 2166 img/s | ETA 0.0 min | copied 1580, skipped 0
2026-09-14 15:55:58 stage copy: bg-extra done (copied 1580, skipped 0, missing 0)
2026-09-14 15:55:58 stage copy: clean tree 9085 kept images -> /content/clean_yolo
2026-09-14 15:55:58       clean 1000/9085 (11%) | 1421 img/s | ETA 0.1 min | copied 1000, skipped 0
2026-09-14 15:55:59       clean 2000/9085 (22%) | 1497 img/s | ETA 0.1 min | copied 2000, skipped 0
2026-09-14 15:56:00       clean 3000/9085 (33%) | 1615 img/s | ETA 0.1 min | copied 3000, skipped 0
2026-09-14 15:56:00       clean 4000/9085 (44%) | 1712 img/s | ETA 0.0 min | copied 4000, skipped 0
2026-09-14 15:56:00       clean 5000/9085 (55%) | 1869 img/s | ETA 0.0 min | copied 5000, skipped 0
2026-09-14 15:56:01       clean 6000/9085 (66%) | 1945 img/s | ETA 0.0 min | copied 6000, skipped 0
2026-09-14 15:56:05       clean 7000/9085 (77%) | 1025 img/s | ETA 0.0 min | copied 7000, skipped 0
2026-09-14 15:56:05       clean 8000/9085 (88%) | 1086 img/s | ETA 0.0 min | copied 8000, skipped 0
2026-09-14 15:56:06       clean 9000/9085 (99%) | 1157 img/s | ETA 0.0 min | copied 9000, skipped 0
2026-09-14 15:56:06       clean 9085/9085 (done) | 1163 img/s | ETA 0.0 min | copied 9085, skipped 0
2026-09-14 15:56:06 stage copy: clean tree done (copied 9085, skipped 0, missing 0)
2026-09-14 15:56:06 stage report: writing data.yaml / manifest / indexes / summary
2026-09-14 15:56:06 Dedup report (hamming <= 8, train scope group)
================================================================
train kept 3410 / 14122 (removed 10712)
val   kept 2399 / 3099 (removed 700)
test  kept 3276 / 4306 (removed 1030)

train class balance (fire vs not-fire):
  fire-positive = 1364 (40%)
  background    = 2046 (60%)   cap = 60%

removals by pass:
  balance-bg-cap       1580
  test-self            0
  test-vs-prev-test    732
  test-vs-prev-train   298
  train-self           0
  train-vs-prev-test   2292
  train-vs-prev-train  943
  train-vs-test        5580
  train-vs-val         317
  val-self             0
  val-vs-prev-test     499
  val-vs-prev-train    201

this-run indexes (promote to Drive AFTER a successful train):
  /content/clean_yolo_report/run_train_index.jsonl
  /content/clean_yolo_report/run_test_index.jsonl
clean -> /content/clean_yolo
2026-09-14 15:56:06 === dedup_fire_scratch.py complete ===

Dedup report (hamming <= 8, train scope group)
================================================================
train kept 3410 / 14122 (removed 10712)
val   kept 2399 / 3099 (removed 700)
test  kept 3276 / 4306 (removed 1030)

train class balance (fire vs not-fire):
  fire-positive = 1364 (40%)
  background    = 2046 (60%)   cap = 60%

removals by pass:
  balance-bg-cap       1580
  test-self            0
  test-vs-prev-test    732
  test-vs-prev-train   298
  train-self           0
  train-vs-prev-test   2292
  train-vs-prev-train  943
  train-vs-test        5580
  train-vs-val         317
  val-self             0
  val-vs-prev-test     499
  val-vs-prev-train    201

this-run indexes (promote to Drive AFTER a successful train):
  /content/clean_yolo_report/run_train_index.jsonl
  /content/clean_yolo_report/run_test_index.jsonl
clean -> /content/clean_yolo

freed raw pool -> /content/raw_yolo
[06_dedup] finished 15:56:07
